main.c:119:5:main	16	static
main.c:181:6:SystemClock_Config	88	static
main.c:228:13:MX_USART2_UART_Init	8	static
main.c:259:13:MX_DMA_Init	16	static
main.c:280:13:MX_GPIO_Init	48	static
main.c:310:6:UARTInit	16	static
main.c:320:6:UARTResetStart	16	static
main.c:324:10:UARTGetRxHead	16	static
main.c:328:9:UARTReadChar	32	static
main.c:342:6:UARTTxDumpBuffer	24	static
main.c:369:6:UARTTxWrite	32	static
main.c:392:6:DynamixelProtocal2	96	static
main.c:568:16:update_crc	536	static
main.c:620:6:Error_Handler	4	static,ignoring_inline_asm
